// Jest Snapshot v1, https://goo.gl/fbAQLP

exports[`SignUp renders correctly 1`] = `
<div
  class="signup-container"
>
  <div
    class="img-container"
  />
  <div
    class="inner-container"
  >
    <div
      class="signup"
    >
      <h3>
        Kitchen Registration
      </h3>
      <div
        className="form-group"
      >
        <label
          className=""
          htmlFor="name"
        >
          Kitchen Name (OR) Company Name
        </label>
        <input
          className="form-control"
          id="name"
          name="name"
          type="text"
        />
      </div>
      <div
        className="form-group"
      >
        <label
          className=""
          htmlFor="address"
        >
          Address(Depot)
        </label>
        <input
          className="form-control"
          id="name"
          name="address"
          type="text"
        />
      </div>
      <div
        class="horizontal-container"
      >
        <div
          className="form-group"
        >
          <label
            className=""
            htmlFor="zip_code"
          >
            Enter Zip Code
          </label>
          <input
            className="form-control"
            id="zip_code"
            name="zip_code"
            type="text"
          />
        </div>
        <div
          className="form-group"
        >
          <label
            className=""
            htmlFor="state"
          >
            Select State
          </label>
          <select
            className="form-control"
            id="state"
            name="state"
            onChange={[Function]}
          >
            <option
              value="UP"
            >
              Select
            </option>
            <option
              value="UP"
            >
              UP
            </option>
            <option
              value="Delhi"
            >
              Delhi
            </option>
          </select>
        </div>
      </div>
      <div
        class="horizontal-container"
      >
        <div
          className="form-group"
        >
          <label
            className=""
            htmlFor="city"
          >
            Select City
          </label>
          <select
            className="form-control"
            id="city"
            name="city"
            onChange={[Function]}
          >
            <option
              value="UP"
            >
              Noida
            </option>
            <option
              value="UP"
            >
              Delhi
            </option>
            <option
              value="Delhi"
            >
              Hyderabad
            </option>
            <option
              value="Delhi"
            >
              Pune
            </option>
            <option
              value="Delhi"
            >
              Agra
            </option>
            <option
              value="Delhi"
            >
              Gugaon
            </option>
          </select>
        </div>
        <div
          className="form-group"
        >
          <label
            className=""
            htmlFor="contact"
          >
            Contact
          </label>
          <input
            className="form-control"
            id="contact"
            name="contact"
            type="text"
          />
        </div>
      </div>
      <div
        className="form-group"
      >
        <label
          className=""
          htmlFor="email"
        >
          Email Address
        </label>
        <input
          className="form-control"
          id="email"
          name="email"
          type="email"
        />
      </div>
      <div
        className="form-group"
      >
        <label
          className=""
          htmlFor="password"
        >
          Enter Password
        </label>
        <input
          className="form-control"
          id="password"
          name="password"
          type="password"
        />
      </div>
      <div
        className="form-group"
      >
        <label
          className=""
          htmlFor="password"
        >
          Re-Enter Password
        </label>
        <input
          className="form-control"
          id="password"
          name="password"
          type="password"
        />
      </div>
      <div
        className="form-check"
      >
        <label
          className="form-check-label"
        >
          <input
            className="form-check-input"
            type="checkbox"
          />
          I agree with terms and conditions
        </label>
      </div>
      <button
        aria-label={null}
        className="btn btn-primary"
        onClick={[Function]}
      >
        Sign Up
      </button>
      <div
        class="horizontal-container"
      >
        <p>
          Login
        </p>
        <p>
          Forgot Password
        </p>
      </div>
    </div>
  </div>
</div>
`;
