// Jest Snapshot v1, https://goo.gl/fbAQLP

exports[`Login renders correctly 1`] = `
<div
  class="login-container"
>
  <div
    class="img-container"
  />
  <div
    class="inner-container"
  >
    <div
      class="login"
    >
      <h3>
        Kitchen
      </h3>
      <p>
        Welcome Back, Please login to your account
      </p>
      <form
        action="#"
        class="login-form"
        className="av-valid"
        method="get"
        noValidate={true}
        onKeyDown={[Function]}
        onSubmit={[Function]}
      >
        <div
          className="form-group"
        >
          <label
            className=""
            htmlFor="username"
          >
            Username
          </label>
          <input
            className="is-untouched is-pristine av-valid form-control"
            id="username"
            maxLength={24}
            minLength={6}
            name="username"
            onBlur={[Function]}
            onChange={[Function]}
            onFocus={[Function]}
            onInput={[Function]}
            onKeyUp={[Function]}
            required={true}
            type="text"
            value=""
          />
        </div>
        <div
          className="form-group"
        >
          <label
            className=""
            htmlFor="password"
          >
            Password
          </label>
          <input
            className="is-untouched is-pristine av-valid form-control"
            id="password"
            minLength={8}
            name="password"
            onBlur={[Function]}
            onChange={[Function]}
            onFocus={[Function]}
            onInput={[Function]}
            onKeyUp={[Function]}
            required={true}
            type="password"
            value=""
          />
        </div>
        <div
          class="horizontal-container"
        >
          <div
            className="form-check"
          >
            <label
              className="form-check-label"
            >
              <input
                className="form-check-input"
                type="checkbox"
              />
              Remember me
            </label>
          </div>
          <label
            className=""
          >
            Forgot Password
          </label>
        </div>
        <div
          class="horizontal-container"
        >
          <button
            aria-label={null}
            className="btn btn-primary"
            onClick={[Function]}
          >
            Login
          </button>
          <button
            aria-label={null}
            className="btn btn-secondary"
            onClick={[Function]}
          >
            Sign Up
          </button>
        </div>
      </form>
      <p>
        Term of use. Privacy policy
      </p>
    </div>
  </div>
</div>
`;
